a zl 5
a za 12
a yx 14
a ul 9
a u 11
a p 3
a j 9
a i 12
ac us 12
ad d 3
ae bq 2
ai w 14
aj t 4
ak t 4
an bt 7
b t 11
b l 4
b kn 15
b k 6
b j 12
b fp 13
b e 15
b d 7
b c 8
bc y 12
bh ye 3
bj d 5
bk e 15
bq y 11
br gn 8
bx gl 1
by xi 9
by p 3
by a 14
c ov 7
c o 11
ca ws 1
ce fd 1
co wo 5
d r 10
d n 11
d ir 6
d ef 7
d e 15
d a 2
d a 6
da wz 9
db l 2
dc p 11
dd i 15
di tv 5
dj u 5
dl t 9
dr i 1
dv m 3
e s 10
e o 11
e i 10
e hs 11
e d 9
e c 14
ec dz 13
ef k 7
ek p 9
ex l 7
ex i 12
f pq 14
f ck 12
f aq 4
fa qr 7
fa ow 13
fd a 7
fh c 5
fn a 10
fu b 12
g u 2
g t 4
g t 11
g k 10
g e 15
gb b 6
gj mw 5
gj b 2
gk te 5
gn l 14
go yo 6
gp ai 11
gq e 11
h np 15
h jn 5
ho vg 10
hp p 14
i wq 14
i t 12
i ng 13
i eg 8
i an 4
ih fe 9
ik g 9
ir j 6
ix cd 6
j x 6
j t 3
j hp 14
j ft 12
j e 7
j dz 14
j d 11
j am 9
jm tl 2
jn s 11
k x 5
k wc 15
k w 15
k p 15
k o 10
k mf 3
k ee 9
k b 6
kg yg 6
kk l 6
kv c 14
kx k 12
kz y 13
l s 5
l q 14
l bf 1
lb lt 11
le z 6
lu qz 2
ly sx 11
m yq 8
m yn 10
m yi 3
m u 5
m rs 10
m pw 7
m pi 4
m e 3
mg bd 5
mk ww 9
mk pm 12
mm wa 9
mp p 2
mt d 12
mv l 13
n g 1
n fe 6
n eu 11
na vx 14
nb y 7
nc z 3
nc pj 4
ns b 4
o wm 1
o vn 11
o s 12
o o 13
o lk 11
o dt 9
o ct 11
o as 6
oh gl 15
ot jx 10
ov ke 10
p uc 7
p rt 14
p r 5
p qu 11
p k 5
p h 8
ph bs 7
q v 11
q r 10
q m 7
q au 7
q a 3
qe dx 4
qj g 6
qn sg 1
qq w 7
qy gq 11
r pr 12
r ks 6
r k 11
r ij 11
r i 7
r f 14
ra r 11
rc vv 4
rh j 2
rj eh 3
rl z 12
rm a 9
ro g 9
ru be 14
s x 8
s ts 11
s pw 14
s ka 6
sd dq 14
sm z 4
sp u 15
st cs 11
sx mp 13
t x 7
t th 9
t n 5
t l 4
t k 5
t g 3
t e 4
t co 12
t a 1
tc rg 7
tl b 6
tn qr 4
tr i 3
u y 2
u u 6
u s 12
u q 2
u pe 1
u pe 13
u ma 3
u e 13
ud qb 13
uk q 12
um xk 11
uq lh 3
uq e 12
ur b 7
v xy 6
v xa 9
v qb 11
v ne 9
v hg 3
v d 10
v bs 13
vh ud 12
vk hf 9
vl ch 12
vp dq 1
vq f 8
vt nx 12
vu j 6
w xw 11
w oo 14
w ht 14
w cc 10
w c 14
w b 11
wa r 3
wp p 8
wq b 7
x vx 14
x f 4
x et 1
xf xp 13
xf c 13
xm yi 14
xn p 5
xp si 12
xr g 5
xr c 4
xs s 1
xv i 9
xx v 7
xy zv 13
y z 6
y wi 1
y kj 7
y i 13
y g 15
yi c 2
yj e 8
yr yl 8
yx ov 6
z x 9
z s 12
z pj 9
z g 1
z g 14
z f 5
z dq 10
zf qj 15
zu uh 13
zw k 7
