a si 2
aq og 8
b p 4
b g 3
b av 9
bg n 5
bi bx 5
cj ha 4
d r 2
dg wh 6
dh q 13
dw d 8
ee kb 7
eg n 12
em c 5
et t 1
fn p 15
g qf 13
g m 13
h x 13
h fm 4
id c 2
ie du 14
ij ae 1
io yf 1
j ml 12
j d 11
jf hm 3
jo qu 14
jw l 2
k vt 15
k fm 11
k f 11
kb r 9
km fx 9
kr y 4
kx bx 15
l zm 9
l w 14
l lf 12
ll j 14
lx z 12
m z 12
m l 8
mg t 8
mg fm 6
mu wg 12
mx c 5
my k 6
n q 2
n kt 1
n g 13
n a 13
nj u 4
nx x 14
o gj 10
o c 14
pj jj 15
pm bl 9
r th 3
r n 1
r lm 7
r f 3
r by 5
rd b 5
rk j 2
ro u 8
s oo 12
s k 7
sw t 12
t nc 14
t a 8
tg y 15
th am 11
u zr 15
u u 8
u tu 13
u ix 1
uf p 12
um p 15
uq l 8
uu re 7
vq tp 15
vr w 2
w e 1
w ae 12
wk ji 1
x xy 7
x wh 1
x s 15
x pl 2
x k 15
x fd 3
x f 4
x c 6
xd h 12
xu b 9
y j 11
y i 13
y f 8
yn ew 8
z w 11
z c 5
