a u 3
a p 8
a n 15
ay l 10
b qx 9
b q 15
b bp 8
b a 3
bg eh 13
bh v 8
bi n 7
bx q 10
bx j 12
c w 14
c s 11
c ar 3
cx w 8
cy w 12
d m 11
d gu 9
db p 7
de r 4
do av 9
dq zq 14
e xs 5
e u 5
e sd 13
e fx 2
e fh 4
e d 1
ej n 8
en o 4
eu l 2
f y 8
f o 14
f mn 15
f ko 4
fj z 12
g up 11
g u 1
g u 10
g m 11
g hl 5
g ej 5
g d 6
gn vb 7
gy p 4
gy b 8
h z 9
h tp 8
h iq 8
hb u 12
hj is 10
hz jq 2
i x 5
i sk 2
i c 12
i b 9
ic c 9
ip vq 11
iq fi 5
iw yv 1
j x 5
j tl 15
j oo 7
j m 1
j kg 12
j k 15
j fu 12
ja tn 2
jk ne 2
k t 11
k p 12
kh u 12
kk c 3
kt ow 7
kt g 5
kv re 10
kx fj 9
kz nj 7
l x 5
l k 13
l j 6
l if 12
lh ak 9
lq ok 3
lv al 11
m yz 14
m td 5
m ke 15
m k 2
m fv 10
m e 12
ma z 11
mh w 7
n z 11
n m 2
n e 9
n b 2
n aq 7
ne w 10
nq h 4
nr r 7
o w 2
o t 4
o ob 5
o gs 13
o ds 14
o a 6
oa z 13
oe kz 12
op oc 5
or p 10
ot oy 5
ot ek 12
ov w 3
p yc 1
p y 2
p vq 9
p s 3
pk yt 15
po tu 7
q tg 3
q sq 7
q k 5
q h 7
qb rr 7
qf gc 1
ql dp 14
qo cj 2
qs u 14
qs as 7
qv ie 4
r ro 8
rj vw 12
rn uo 12
rn gg 2
s z 13
s yn 11
s pm 5
s i 15
sp hr 10
ss n 2
su mr 4
sv de 9
sy jr 13
sz zl 8
t w 1
t p 10
t nc 7
t h 3
t h 8
te q 1
te lm 10
ti t 13
tk c 12
tl nw 7
to s 13
to ld 5
tr xl 10
tt x 14
tz w 9
u z 6
u gg 4
v t 10
v o 2
v jo 4
v e 14
vf c 1
vg a 2
vi z 6
vi qr 5
vl la 11
vs y 8
vv lo 15
vx s 3
w vw 14
w ju 15
wu y 12
wu g 1
x sl 11
x lr 14
x j 2
x fs 8
x dc 6
xc n 15
xq rj 13
y pn 1
y o 5
yt v 5
yy z 13
z z 8
z x 1
z x 9
z vv 13
z o 6
z jy 5
z fd 8
zg n 9
zk kr 3
zp x 13
zq s 2
zr ts 2
zz f 10
