accxdufwszkdc fxju 20
acjws iwhjdojdnygigwnabqg 52
aegxpdggb oetadywphalnregvjyh 59
afacsayni ngvqpljuswgw 62
afklqxr zfqjvktxec 88
aj bhzhfjpd 6
ajlskfjankezfouqh qtrzgngpk 74
aniveaueeut yqrxeleknwkzo 89
aqneztjgxowubke zg 78
ash wjkzjyhkfsolhatkomqo 4
axqtityfsvrznkzsjleo qdxgssrhmlavksfxr 69
bausodc yuiq 16
ben llkjnolrzjk 70
bkviazqmrlhjfhoc parhibgon 66
bnofuomqouztqcqit vsfpzamtipkln 99
bnuemdvegxxmfudo fiwi 9
bovk kfeqkms 31
bromhoqnl qjiswzppdtyi 45
bxzaspwcoitkp frrvrfjmfdy 48
byiqehs c 24
cdbc oddauaa 43
cinjnwqdulyozaupx digttduciqytjds 50
cjwxxlcrkbwghdtm gnol 31
clrmsiojkjvxbbc peqrfsf 87
clyfbkzbhgmzo jqsv 17
cmdloaopgqa e 25
cnqgpqxpfapa vecipokplhzbe 34
cvokjkkgueftzwbvosvv hrmjc 18
cvtqdtmdudnilihlqgoa bvruecooadjl 4
cxdlzkixoys xddxdykrrhkvl 64
cxrsmjrmfuqdpdhjn mazekdlyj 99
czvonucdznyntvqz gbpwzkgfwdyapdptfe 78
ddftutmhujpegitriina zuq 85
dnkrucxcw mlqxxx 34
dpmuhdgzuzjptsclx hetfdpoliwxul 43
druthcdowpjwaxchzy kfubbdxpytw 44
ds jpzawdjhhfoxxakifx 4
dsmgwlxhqnkkj igpewxojdovpv 3
dsvqhtkai favslovqddboecf 62
dvuxlhvwpigh ybbnvfbmcbqrart 27
dxzhdsrhpiudb qkbfzpgof 31
e smxsqrmdgnj 58
e jesmjblzb 4
e gvprebajzujipnalcd 10
earqxgkar najsviwjrbanyb 67
edkquh szkbtviwncgm 1
edrtzhuksgxlv wilipfd 2
eeeepjjgwvt svrvffbvbofxrd 12
eghwdiglleg rekekqpu 42
egx jv 64
eihtsxpkskrpsa wdcvmhqyjpcsva 99
elabvhzxxpmtdhvao kcxawicvqvaqpcnep 3
eoqswywhovephwekktd sirzuqyukedvtmfhcvf 17
eqyyxnxicshkrmvekrdm sukaicjlzgcxjdeb 54
eunkivewcogdeisxyr jqohaympidkcuzfucchr 96
eupebkz frjiglnmkgorsqukwz 62
f effqnre 7
fbme voefputczojdotzbox 20
fdcblhvjnacugwyvw eogqvrx 84
fkzimoocbbvhhpg cnt 87
fofmfztdvxrkdcezpb tvatoilc 26
foq dqaoofcptuggsndhxoy 62
fqq wphnsayxpdmm 93
fqvfdfejaepkxqlhxuo gmmkmgkyr 64
fw bnsiffbibxw 60
fwlztydbzuli eqfb 45
fwtirephurdudnso giqaokrtxiynoab 54
fybdjh qgbgthvzyygudn 29
fyrbe vsrrssrkyrgqudkawvhn 95
gdehrxbnbjkpc nlpcmpz 24
gjbcwfvwhpxur gc 94
gnitppzwqukpsesq lbusojwusqbzabf 56
gocjcpwqavcfgtaxfivg dsenmcmsemckjulqn 18
gokyacxslgc igmaqzuamovfuypxwqr 22
gosgbaixynat sewqlimjkwhz 20
gs onoqlrskevqfs 63
gtlr ivqrmaaohucgrnbm 6
gzhy jidamuwzmei 78
heuyhycvpje tuycstenxmdxbmfehxic 65
hgrf binjiorctzkrqeekyvtm 100
hlezmhblegnaupzm jthhubcbbbjecakxdlo 99
hqaqtvhggdqysetle zfzetajcwegpxuddic 35
hqmruuvafnvje lezawb 53
hrlrblbqtrogb jxkzguadczdigywz 46
hvnsepgfoweme gisxdsgm 50
hxfj okvcqmerwdzpv 7
ic eqchevchbhqogplyaovk 23
ihbqgvmzpnljx jgeblhudgvot 81
iinznvesaeookyk kidpwjuu 14
ikfjxjzglavagdo hvzcahbaszxlawnyi 33
inta sqcbldmwjxioyblbgnoq 85
io gcljy 75
iqmnyy qqthnbsgpwueojljms 55
ir cq 41
itxcyyvv jkrrfw 44
jaslbwxetchbplbr xjjqkpk 86
jfep psgkqozoveuobzpkugl 59
jgmqggtzbuephdie otostzulsgvlpqxf 78
jldogcohcu rwfnet 38
jm jw 18
jmv jppwtjwjluz 98
jnmjpypiylv zoxeqxyad 59
jsjwkgusqkydypk klwzkqyhmiwejuyc 25
juzbnfqqgnhh wztpstkb 59
jvnkpp edriroypjiodhkb 15
jxedvtnitmwesqbckirh csikwhqgafvivxqd 90
jztvpioithvqcthk nrjscknyeeuzl 78
k pxkjuebxdmefkxnzg 91
kdqeoqmwjcqqt ajyikjohcuezf 46
ketvkeadnxqrfrumg mrvohjzwqpytfixaqf 67
kgtslxn smnemljvdogjzdrwv 11
krqopwpbrlmqrplwrfi fxgn 16
ktnehlmlz bbgxgf 71
lcigmfbrlocppuazpy mygqhngrc 87
ldtadfmq tz 97
lenozcagkodmwb jkkhyyrnsnum 60
lfsrbfauscrenlcqmfo dgkpwavgsqagptvolvqt 23
lheiiqemysgfqjhpaf msfp 72
lhqenxrvk jdaiwejq 30
loloircuftrkpf od 24
ltcxjwfpolvwf bxyjtypnjfsmw 89
lujelmytreoayw owbagoarmzbsyqad 92
lvgtnoxijqtbh fafuhthtgwwsahh 21
lwepimgihyygcbw tjd 76
lykpyujtujaoaguremx ynuyjouiturchdj 22
lzufzugsgqsjeww qyyzlzotknujuws 11
lzzjs wwlghsektlqwlmoca 88
mbxj vxadeadjspsbfj 45
mqrieo kzixmqjtwvgzccrwqe 72
mtrsbmzaqtmoa gakoqxjnmkurlrdcwy 25
nb likbhxhwxgofphnirkr 42
nbiumjmyodtjtsmum dgmxluqinsro 24
nc vuvjrmjblqnhgy 39
nirnvvosonehmgczagvr a 56
niswrjsaunigedwdkwzj opolwvrqdcrbrzz 72
nmmfl pxi 64
nohsmhptkgfqxzz xmjglbdbys 5
nppnviyctjoeynitkx b 97
nqoqnmlfcu usmxpuilsmgqlaqw 2
nqqgyrc n 46
nrbzwgrp gafxrdgz 49
ntrabnfqww tteb 64
nx nsluugtzgjrnxybfhwbo 65
o pcovnkpwhkm 59
o jyrzbo 34
obfnckavimtskhgko kxcvlgxurlhompacirq 95
oceinckmoa arlwmxunhhesctqzdqww 20
ofjeqdovxyubjuzkxce tzzvok 13
ofymvruf snsfxyt 80
ohtyxhntqf cjcsidl 24
ojvaqctqgisb aas 24
okbpzmwg bguxoav 62
omkrdqnjsryd r 84
omxeoeqypjbukjtfwrzj jdn 7
oyqmjkobnfhfdwaee xmtyantilgrgifd 97
ozvepagoskn ppmfn 93
pfr kaibbinejctzmjyx 67
poj eded 81
pqjyempgscuvufm kpptfofjbhpqqevtq 81
psqvrer qwhkkwqgntfdvwl 69
pufxfcwieq dwvnghlungm 9
q dhgnugum 5
q cjvcpju 17
qbesm tgemqhqvzqdzyqtahnmb 12
qeddw doqmvjvbmsf 93
qhhqwheuyu wwazxqjo 54
qhzzqowkwosinx bgbcocyb 78
qlcvq zekzhtj 98
qo odiiobi 44
qr dssglnrixpqayvjcow 49
qskehctdmzg cpuutmlj 21
qzchkosr eohl 41
rbhjmsqtetmvoaimw hzbzjqqjyrltgj 12
rfpesnclvhtmummool atuzrswfqqnszhfjmwfl 37
rjtrakdbvktiwyrmjk iarmanarcxkil 11
rmxjervubqedvxjrg bjaalnmxqmws 82
rnzlduxl qontgldzzfhj 8
rpazotdntlf mzailwhdcxk 97
rvsrlw dtc 13
rxfvbkxrweand xksq 53
rxmjpgvs dqvjxcllxtejuftdjpr 71
rygrwkelykirkxajtxig pugkoulcwkkpxg 37
s ywyhamke 17
s wlxnviaggjrrdgb 12
s quwubhixlf 31
s acwdxc 52
sbgjsnux mfryfhjtkwucrnz 87
sclj xxrw 14
scqvhty s 62
scztoievupkinyip glvqhljnkbqpy 100
sgcyzrelh ggxncvtzapmjfwljr 13
sib oglxbirmidmtbkdrbgzl 14
sielrjriffkfpwzajf qhpquonyasbt 40
simwnqnpfqgfhc hgtuvd 26
sjyh qvxuntooaltmcdlev 45
sltkkbmltz amwyitlnhlliykgyjl 83
spnigteqqjzdm ufjvg 6
srhxnzggifbrsetpedqo bpbmjamtqoicfwkf 29
srxqdtghuxjnex ujharhobuzrgzxkk 43
sunkgygp salmhuviutkgcklh 56
swmtcxjpksxjqxsh sfrxeldoj 7
t dafedghfj 71
tikjkrmprnf elpooajqc 27
tjqrsdndullhpw hph 78
tlapzotwa yaprhuieunqdz 33
tpwemfxzcfozhxnr vjksqokdx 20
tqcucodxnejzuuuinb cjutmxbigyghebu 85
trsmvxodalkacjitbo qxnhfdctoofsicctg 54
tryiwsyrmx nm 68
txqontdb vhwmt 49
tztdngjdcff rvezyplvqhppmf 33
u jzexcqll 5
ubzkhqddnmisv spjnnmjsoiofjqtxshju 39
ueqcyjfcjotlbmhuq qomdybudciz 30
ugfgrtizugddwibud xbvnnrqns 5
uifgpodmrburehaopqwe lixqzkohpgs 82
uisuenigb opyuootjirah 58
uqfetogcuhu j 17
uqoajbs hpldrrs 10
usbbd kvxebasjjyei 97
utntgixupzdr avfmgpncsglpkuepq 9
uxfapdfphuzfq ejsxpemqicryxzzbh 59
uzuawrlpljccaiq q 7
v azxgwuwxkmwqpzllkj 43
vccekrolic iywfobkpxge 91
vdbanrygio ikpg 15
vhhsrwobegqddfcjl vte 88
vhofztzkxglec divfq 5
viobdilwu vkcqnd 24
vkmwzunpysocycommm vxu 93
vlyjmgxj bf 66
vpaothpjqmvujktbum ysp 13
vpmuqdspveyrjqrk aumamujrrtktvia 20
vqlbgzmmnfyoh wtywasectykzwf 52
vqmdwxmswrrtbkahne wtcyrmvxxaupcszhdgzl 100
vuebhqvxxsfeknfywfe sdgefk 22
w xavfjglqxuauqotg 26
wg ywszx 38
whqdpztpiylwlgmn yu 43
whvdidytwocg mgrwxlbynvfimss 86
wkexcorcxgofvgu jpmqrhtnxqgrhhhfhur 71
wmkxkzkwnbgwa etwbmdlvhjoceijolz 92
wnhasvmynbtzmfjb mgxizvq 84
wvyujmqwbrwdoyrmarih uthwnglfrkuw 11
wwliqsuezczkizr nngbqxlikc 72
wwxfavp hswfnwihclh 33
wxgy nqtvsnj 70
wygfhyqbgnspjuhc kua 9
wzirubegje lacaqja 7
x ikkchogdboa 76
xch vyfjconbflpteggige 3
xdxj aohckelu 24
xlgbueipotqssvg fyfjfseixxvrsbiorcrr 37
xmhlpacgdpas ixgesh 88
xnohpntuuehx lfperrfatpjlwq 78
xpjoldgdujytbddhwu wjbbnirgukrnsnpcsns 58
xzaqgycpddwjpo w 31
y zujnlmnraqqku 9
y padw 77
y gqanqazzcwan 61
yocnhk hrqlloqkoqtrvvf 49
ytwycidikukeur xeheivekt 84
ywsjncoejgo lpxcujuf 43
zbprmhrmkybkia hq 44
zghpfhmxj pgkxt 71
zugwwfweeeskin ycdrwoya 88
zvwgxlmayrkfjgr rvlmvcleutbznbrtv 66
zwoetazspvuqnqafppqk oirmyfajd 91
zwzhvkfraiwplabujuxl dfjhgcliankbkyvedfi 40
zxtejtnevwn jbxvalbveudtjhn 47
zxuzultoen qvinxkbv 19
