AcZU
GeeGAA
HpYkliEbLnkxDYUJfI
MFCvyaicFmvbQz
NF
PDFfGhShidqOJsDaqX
SneFqrQNlRweYO
UzfHoF
VeiQPgPsiiG
WdBLDdhZitKKYsg
bemSt
ceeXBRWrmLXe
cvhbWUhzhjUylXKZQ
hxVQORdTFxoqHNirdcW
ja
jhaHV
jpiMXvQkhavNcBSpP
kEyptFJZEKbndETgLzYO
mVfotsssPS
nVCbDjwSMLJfw
owiFYthyqTqdfV
paoRjwtgRWFgoTLoM
qRe
v
vnHzWTTLsxwcNAydKeiQ
wkPkryYzFhWQgOsoCd
xnBiXzZuUvt
zlI
