IFVHKw
LIIZmy
NTl
OSuwJBEa
Q
RWwTCcU
UUgGQgyhKQIlYXxDe
XhdtPJj
Zx
aWJuuUmn
akQSPVBiEcZMtoRabjHC
aosglN
bJmCipVLugNDBX
dyWRHJAskJcWa
ecssHGLn
fsllSkgldsC
gEvaGfjsRSwGxSZ
gUDyz
gnWeY
iyK
jXPuWN
kLUOvXWSkaMYYn
kxGXariaCQookBRfPZSP
lUCLmT
mcqGC
pCqP
pEzFhQzuzZDcsu
pLVvdpjJfa
qXoOlWyEOzREefksVtjW
sBnhTOiguCPhCyebL
sivnRcVtVJ
vswDOmZgslpjcvuJ
wcOCsiWloReFB
