BHxTzvtpoCRP
BUzcLx
By
C
EengGQiLPCpmfNyez
FWXMyUSiSrQLaXDMFPP
GmOxYsuMxEFOZIMCsQ
HA
HkUWnIukQi
JuImUJJ
KaakggMV
LWfxReRwxyjI
Lbgc
NsIews
Q
RchcN
RlqqmLYizrajZjjwoT
SWuGH
SypickNPQmDAaFCj
Ukc
WbuZvMdXZjfvueOElX
XJHpKtIyXPvucstUN
YdVKkphmuKscot
ZDsGZiNdkEUU
ctvfarVmITTPfOb
dTlfj
doZNj
irYxGxsXqhFvIDT
jLsvxkupwCfMHLb
krtRMnzDH
kzZlAxdeVQXaW
nIQNbFA
nzyJLizMLEiY
preCdNJ
qvmeEsdL
vUSORyxNEEIDrhl
wkgPVNIWvYOsVv
ysGHfuuIZEaPZjbf
zpUWfplzWBH
