APi
AUGddLRgdccLiUxj
BArEBWqPBXpYo
CAjYyBzUdQ
CNRQoPG
ENrPPsMtExmPwfGuPICp
HdQWGorSIHbqvZu
HkFQRJeqPwYFgH
JbvnzevhffN
OjnJBd
Q
SBUwYFPBNOoNZdJbwa
SRYDwaWOuKBgHuCVJo
XxlozNfgTIqAqPm
YdSmFQUQNUzKovcwyaR
fQdhUGpKnV
gJ
iiSenSWlLOwQpdi
kVeGVrj
mzMPOCNeEfupKyDj
oPjX
oheZaCsGvipunM
pREggXloAcgVSDNgkHt
pTsAaiurFcFvS
sLML
uAhGojSFMLYNxVby
uLNxVhAzagPtdIO
vcnmhMJJKEQrlVCt
vk
vpwXLMUreJjqbWd
wYNiLZULFWBrJF
xGjYqPpymcdgIZIh
xawQUOJbcrs
